key: c, value: 3
key: a, value: 1
key: b, value: 2
