dict[3]: {c: 3, a: 1, b: 2, }
dict[6]: {e: 5, f: 6, c: 3, d: 4, a: 1, b: 2, }
