<fn hello>
My name is: elliot
TestClass instance
elliot
29
<fn hello>
My name is: elliot
My name is: bob
