Should be less than 5
less than 10!
Print up to 20
6
7
8
9
10
11
12
13
14
15
16
17
18
19
20
Shoud be more than 10
10 or more!
Decrementing
19
18
17
16
15
14
13
12
11
10
9
8
7
6
5
Inline for
0
1
Using global x
5
6
7
8
9
10
11
12
13
14
15
16
17
18
19
