x is neither
x is 1
x is 2
x is 3
x is neither
x is neither
x is neither
x is neither
x is neither
x is neither
y is 0
0
y is odd
y is even
2
y is odd
y is even
4
y is odd
y is even
6
y is odd
y is even
8
y is odd
z is 1
z == 2
end of elif.slo
