Beginning regular for loop
0
1
3
4
5
6
7
8
9
Beginning while loop
0
1
3
4
5
6
7
8
9
