HELLO, WORLD!
hello, world!
Hello, World!
ALLLOWERCASE
Hello
 world!
Hello, world!
true
false
true
false
false
false
false
true
true
true
Hello, mum!
3
4
7
