/home/esloman/.pyenv/versions/3.13.3/bin:/home/esloman/.pyenv/libexec:/home/esloman/.pyenv/plugins/python-build/bin:/home/esloman/.pyenv/plugins/pyenv-virtualenv/bin:/home/esloman/.pyenv/plugins/pyenv-update/bin:/home/esloman/.pyenv/plugins/pyenv-doctor/bin:/home/esloman/.local/bin:/home/esloman/.pyenv/shims:/home/esloman/.pyenv/bin:/home/esloman/.pyenv/plugins/pyenv-virtualenv/shims:/home/esloman/.pyenv/bin:/home/esloman/.sdkman/candidates/gradle/current/bin:/home/esloman/.cargo/bin:/home/esloman/.pyenv/plugins/pyenv-virtualenv/shims:/home/esloman/.pyenv/bin:/usr/local/sbin:/usr/local/bin:/usr/sbin:/usr/bin:/sbin:/bin:/usr/games:/usr/local/games:/usr/lib/wsl/lib:/snap/bin:/home/esloman/.dotnet/tools:/home/esloman/.local/bin:/home/esloman/.local/bin
somevalue
