Printing ceil and floor stuff
Testing with 0; ceil: 0, floor: 0
Testing with 1.1; ceil: 2, floor: 1
Testing with 2.2; ceil: 3, floor: 2
Testing with 3.3; ceil: 4, floor: 3
Testing with 4.4; ceil: 5, floor: 4
Testing with 5.5; ceil: 6, floor: 5
Testing with 6.6; ceil: 7, floor: 6
Testing with 7.7; ceil: 8, floor: 7
Testing with 8.8; ceil: 9, floor: 8
Testing with 9.9; ceil: 10, floor: 9
3
0.841471
0.540302
1.55741
