0.356706
0.550771
0.621143
0.0806648
0.499144
0.792674
0.988074
0.989089
0.458158
0.635167
0
1
2
3
3
1
3
4
7
2
0
0.761227
1.59461
1.70866
2.61792
1.50067
4.2224
0.540283
4.22304
2.34446
1
list[6]: [4, 6, 3, 5, 2, 1]
false
list[5]: [125, 238, 34, 252, 97]
-0.370816
list[3]: [3, 2, 4]
