list[0]: []
list[1]: [1]
list[10]: [1, 1, 4, 27, 256, 3125, 46656, 823543, 1.67772e+07, 3.8742e+08]
