list[3]: [1, 2, 3]
list[4]: [99, 1, 2, 3]
list[6]: [99, 1, 99, 2, 3, 99]
