list[3]: [1, 2, 3]
list[2]: [1, 2]
3
2
list[1]: [1]
1
list[0]: []
nil
list[0]: []
