list[3]: [1, 2, 3]
Removed: 1
list[2]: [2, 3]
Removed: 3
list[1]: [2]
