list[4]: [1, 2, 3, 4]
list[4]: [4, 3, 2, 1]
list[1]: [1]
list[1]: [1]
list[0]: []
list[0]: []
