list[3]: [20, 30, 40]
list[3]: [10, 20, 30]
list[3]: [30, 40, 50]
list[2]: [30, 40]
