list[10]: [10, 1, 15, 2, 16, 13, 9, 18, 1, 5]
list[10]: [1, 1, 2, 5, 9, 10, 13, 15, 16, 18]
